// Jest Snapshot v1, https://goo.gl/fbAQLP

exports[`NavBar unit tests should match the snapshot 1`] = `
<div
  className="makeStyles-root-1"
>
  <WithStyles(ForwardRef(AppBar))
    position="static"
  >
    <WithStyles(ForwardRef(Toolbar))>
      <WithStyles(ForwardRef(IconButton))
        aria-label="menu"
        className="makeStyles-menuButton-2"
        color="inherit"
        edge="start"
      >
        <MenuIcon />
      </WithStyles(ForwardRef(IconButton))>
      <WithStyles(ForwardRef(Typography))
        className="makeStyles-title-3"
        variant="h6"
      >
        DumbAFCbts
      </WithStyles(ForwardRef(Typography))>
      <WithStyles(ForwardRef(Button))
        color="inherit"
      >
        Login
      </WithStyles(ForwardRef(Button))>
      <div
        className="themeToggle"
        onClick={
          [MockFunction] {
            "calls": Array [
              Array [],
            ],
            "results": Array [
              Object {
                "type": "return",
                "value": undefined,
              },
            ],
          }
        }
      >
        <WithStyles(ForwardRef(IconButton))
          color="inherit"
        >
          <div
            className="toggle-light"
          >
            <Brightness7Icon />
          </div>
        </WithStyles(ForwardRef(IconButton))>
      </div>
    </WithStyles(ForwardRef(Toolbar))>
  </WithStyles(ForwardRef(AppBar))>
</div>
`;
